S,A,B,C,D,<Bd>,d',<bd>,a',<dC>,<da>,<bc>,c'
a,b,c,d
S
A->BD
C->a'<bc>
D->C<da>
A->B<dC>
B->a'<bd>
S->A<Bd>
<Bd>->Bd'
<bd>->b'd'
<dC>->d'C
<da>->d'a'
<bc>->b'c'
c'->c
a'->a
d'->d

